{
  "Label": null,
  "Path": null,
  "Data": {
    "itemById": {
      "id": "600dca30-c6e2-4035-ad15-783c122d6ea6",
      "name": "Bowl of cherries"
    }
  },
  "Errors": null,
  "Extensions": null,
  "ContextData": null,
  "HasNext": null
}
