{
  "Label": null,
  "Path": null,
  "Data": {
    "menuById": {
      "id": "600dca30-c6e2-4035-ad15-783c122d6ea1",
      "name": "Cafe comfort and waffles"
    }
  },
  "Errors": null,
  "Extensions": null,
  "ContextData": null,
  "HasNext": null
}
