{
  "Label": null,
  "Path": null,
  "Data": {
    "sectionById": {
      "id": "600dca30-c6e2-4035-ad15-783c122d6ea3",
      "name": "Desert"
    }
  },
  "Errors": null,
  "Extensions": null,
  "ContextData": null,
  "HasNext": null
}
