{
  "Label": null,
  "Path": null,
  "Data": {
    "orderById": {
      "id": "56c1f9c7-54a5-4f3d-b967-1f4073415d08",
      "name": "Fred",
      "address1": "ad1",
      "address2": "ad2",
      "town": "town",
      "postcode": "pcode",
      "phone": "1234",
      "email": "fred@d.d",
      "deliveryInstructions": "In the coal bunker",
      "items": [
        {
          "itemId": "600dca30-c6e2-4035-ad15-783c122d6ea4",
          "name": "Plate of sausages",
          "description": "Big bowl of sausages",
          "quantity": 1
        }
      ]
    }
  },
  "Errors": null,
  "Extensions": null,
  "ContextData": null,
  "HasNext": null
}
